C:/TouchGFXProjects/test/Core/Src/main.c:1004:13:SPI5_Write	16	static
C:/TouchGFXProjects/test/Core/Src/main.c:1117:6:StartDefaultTask	32	static
C:/TouchGFXProjects/test/Core/Src/main.c:191:6:HAL_UART_RxCpltCallback	0	static
C:/TouchGFXProjects/test/Core/Src/main.c:306:6:SystemClock_Config	96	static
C:/TouchGFXProjects/test/Core/Src/main.c:205:5:main	120	static
C:/TouchGFXProjects/test/Core/Src/main.c:848:6:IOE_Init	0	static
C:/TouchGFXProjects/test/Core/Src/main.c:857:6:IOE_ITConfig	0	static
C:/TouchGFXProjects/test/Core/Src/main.c:869:6:IOE_Write	32	static
C:/TouchGFXProjects/test/Core/Src/main.c:880:9:IOE_Read	32	static
C:/TouchGFXProjects/test/Core/Src/main.c:893:10:IOE_ReadMultiple	24	static
C:/TouchGFXProjects/test/Core/Src/main.c:902:6:IOE_Delay	0	static
C:/TouchGFXProjects/test/Core/Src/main.c:1030:6:LCD_IO_Init	8	static
C:/TouchGFXProjects/test/Core/Src/main.c:1040:6:LCD_IO_WriteData	16	static
C:/TouchGFXProjects/test/Core/Src/main.c:1056:6:LCD_IO_WriteReg	16	static
C:/TouchGFXProjects/test/Core/Src/main.c:1075:10:LCD_IO_ReadData	32	static
C:/TouchGFXProjects/test/Core/Src/main.c:1102:6:LCD_Delay	0	static
C:/TouchGFXProjects/test/Core/Src/main.c:1212:6:HAL_TIM_PeriodElapsedCallback	0	static
C:/TouchGFXProjects/test/Core/Src/main.c:1229:6:Error_Handler	0	static
