../../Middlewares/ST/touchgfx/framework/include/touchgfx/Screen.hpp:104:18:virtual void touchgfx::Screen::afterTransition()	0	static
../../Middlewares/ST/touchgfx/framework/include/touchgfx/Screen.hpp:144:18:virtual void touchgfx::Screen::handleTickEvent()	0	static
../../Middlewares/ST/touchgfx/framework/include/touchgfx/Screen.hpp:154:18:virtual void touchgfx::Screen::handleKeyEvent(uint8_t)	0	static
C:/TouchGFXProjects/test/TouchGFX/gui/src/endgamescreen_screen/EndGameScreenView.cpp:24:6:virtual void EndGameScreenView::tearDownScreen()	0	static
../../TouchGFX/gui/include/gui/endgamescreen_screen/EndGameScreenView.hpp:11:13:EndGameScreenView::~EndGameScreenView()	8	static
../../TouchGFX/gui/include/gui/endgamescreen_screen/EndGameScreenView.hpp:11:13:virtual EndGameScreenView::~EndGameScreenView()	8	static
C:/TouchGFXProjects/test/TouchGFX/gui/src/endgamescreen_screen/EndGameScreenView.cpp:4:1:EndGameScreenView::EndGameScreenView()	8	static
C:/TouchGFXProjects/test/TouchGFX/gui/src/endgamescreen_screen/EndGameScreenView.cpp:9:6:virtual void EndGameScreenView::setupScreen()	16	static
