../../Middlewares/ST/touchgfx/framework/include/touchgfx/Screen.hpp:104:18:virtual void touchgfx::Screen::afterTransition()	0	static
../../Middlewares/ST/touchgfx/framework/include/touchgfx/Screen.hpp:154:18:virtual void touchgfx::Screen::handleKeyEvent(uint8_t)	0	static
C:/TouchGFXProjects/battleship/TouchGFX/gui/src/gamescreen_screen/GameScreenView.cpp:38:6:virtual void GameScreenView::tearDownScreen()	0	static
../../Middlewares/ST/touchgfx/framework/include/touchgfx/Drawable.hpp:343:10:void touchgfx::Drawable::setXY(int16_t, int16_t)	16	static
C:/TouchGFXProjects/battleship/TouchGFX/gui/src/gamescreen_screen/GameScreenView.cpp:41:9:int32_t getXFromIndex(int32_t)	0	static
C:/TouchGFXProjects/battleship/TouchGFX/gui/src/gamescreen_screen/GameScreenView.cpp:44:9:int32_t getYFromIndex(int32_t)	0	static
C:/TouchGFXProjects/battleship/TouchGFX/gui/src/gamescreen_screen/GameScreenView.cpp:242:6:bool GameScreenView::checkOutOfDesk(int32_t, int32_t, int16_t)	0	static
c:\st\stm32cubeide_1.12.1\stm32cubeide\plugins\com.st.stm32cube.ide.mcu.externaltools.gnu-tools-for-stm32.10.3-2021.10.win32_1.0.200.202301161003\tools\arm-none-eabi\include\c++\10.3.1\bits\stl_vector.h:625:7:std::vector<_Tp, _Alloc>::vector(std::initializer_list<_Tp>, const allocator_type&) [with _Tp = signed char; _Alloc = std::allocator<signed char>]	32	static
c:\st\stm32cubeide_1.12.1\stm32cubeide\plugins\com.st.stm32cube.ide.mcu.externaltools.gnu-tools-for-stm32.10.3-2021.10.win32_1.0.200.202301161003\tools\arm-none-eabi\include\c++\10.3.1\bits\stl_vector.h:333:7:std::_Vector_base<_Tp, _Alloc>::~_Vector_base() [with _Tp = signed char; _Alloc = std::allocator<signed char>]	8	static
c:\st\stm32cubeide_1.12.1\stm32cubeide\plugins\com.st.stm32cube.ide.mcu.externaltools.gnu-tools-for-stm32.10.3-2021.10.win32_1.0.200.202301161003\tools\arm-none-eabi\include\c++\10.3.1\bits\stl_vector.h:678:7:std::vector<_Tp, _Alloc>::~vector() [with _Tp = std::vector<signed char>; _Alloc = std::allocator<std::vector<signed char> >]	16	static
../../TouchGFX/gui/include/gui/gamescreen_screen/GameScreenView.hpp:12:13:GameScreenView::~GameScreenView()	8	static
../../TouchGFX/gui/include/gui/gamescreen_screen/GameScreenView.hpp:12:13:virtual GameScreenView::~GameScreenView()	8	static
c:\st\stm32cubeide_1.12.1\stm32cubeide\plugins\com.st.stm32cube.ide.mcu.externaltools.gnu-tools-for-stm32.10.3-2021.10.win32_1.0.200.202301161003\tools\arm-none-eabi\include\c++\10.3.1\bits\stl_vector.h:1815:7:void std::vector<_Tp, _Alloc>::_M_move_assign(std::vector<_Tp, _Alloc>&&, std::true_type) [with _Tp = std::vector<signed char>; _Alloc = std::allocator<std::vector<signed char> >]	32	static
c:\st\stm32cubeide_1.12.1\stm32cubeide\plugins\com.st.stm32cube.ide.mcu.externaltools.gnu-tools-for-stm32.10.3-2021.10.win32_1.0.200.202301161003\tools\arm-none-eabi\include\c++\10.3.1\bits\stl_vector.h:553:7:std::vector<_Tp, _Alloc>::vector(const std::vector<_Tp, _Alloc>&) [with _Tp = signed char; _Alloc = std::allocator<signed char>]	16	static
C:/TouchGFXProjects/battleship/TouchGFX/gui/src/gamescreen_screen/GameScreenView.cpp:22:1:GameScreenView::GameScreenView()	384	static
c:\st\stm32cubeide_1.12.1\stm32cubeide\plugins\com.st.stm32cube.ide.mcu.externaltools.gnu-tools-for-stm32.10.3-2021.10.win32_1.0.200.202301161003\tools\arm-none-eabi\include\c++\10.3.1\bits\stl_vector.h:553:7:std::vector<_Tp, _Alloc>::vector(const std::vector<_Tp, _Alloc>&) [with _Tp = std::vector<signed char>; _Alloc = std::allocator<std::vector<signed char> >]	24	static
C:/TouchGFXProjects/battleship/TouchGFX/gui/src/gamescreen_screen/GameScreenView.cpp:255:6:bool GameScreenView::checkAvailable(int32_t, int32_t, int16_t)	40	static
C:/TouchGFXProjects/battleship/TouchGFX/gui/src/gamescreen_screen/GameScreenView.cpp:26:6:virtual void GameScreenView::setupScreen()	24	static
C:/TouchGFXProjects/battleship/TouchGFX/gui/src/gamescreen_screen/GameScreenView.cpp:47:6:virtual void GameScreenView::handleTickEvent()	64	static
