../../Middlewares/ST/touchgfx/framework/include/touchgfx/Screen.hpp:104:18:virtual void touchgfx::Screen::afterTransition()	0	static
../../Middlewares/ST/touchgfx/framework/include/touchgfx/Screen.hpp:154:18:virtual void touchgfx::Screen::handleKeyEvent(uint8_t)	0	static
C:/TouchGFXProjects/test/TouchGFX/gui/src/gamescreen_screen/GameScreenView.cpp:38:6:virtual void GameScreenView::tearDownScreen()	0	static
../../TouchGFX/gui/include/gui/gamescreen_screen/GameScreenView.hpp:11:13:GameScreenView::~GameScreenView()	8	static
../../TouchGFX/gui/include/gui/gamescreen_screen/GameScreenView.hpp:11:13:virtual GameScreenView::~GameScreenView()	8	static
../../Middlewares/ST/touchgfx/framework/include/touchgfx/Drawable.hpp:343:10:void touchgfx::Drawable::setXY(int16_t, int16_t)	16	static
../../TouchGFX/gui/include/gui/gamescreen_screen/GameScreenPresenter.hpp:30:10:void GameScreenPresenter::getDesk(int32_t (*)[10])	408	static
C:/TouchGFXProjects/test/TouchGFX/gui/src/gamescreen_screen/GameScreenView.cpp:22:1:GameScreenView::GameScreenView()	8	static
C:/TouchGFXProjects/test/TouchGFX/gui/src/gamescreen_screen/GameScreenView.cpp:41:9:int32_t getXFromIndex(int32_t)	0	static
C:/TouchGFXProjects/test/TouchGFX/gui/src/gamescreen_screen/GameScreenView.cpp:44:9:int32_t getYFromIndex(int32_t)	0	static
C:/TouchGFXProjects/test/TouchGFX/gui/src/gamescreen_screen/GameScreenView.cpp:242:6:bool GameScreenView::checkOutOfDesk(int32_t, int32_t, int16_t)	24	static
C:/TouchGFXProjects/test/TouchGFX/gui/src/gamescreen_screen/GameScreenView.cpp:256:6:bool GameScreenView::checkAvailable(int32_t, int32_t, int16_t)	24	static
C:/TouchGFXProjects/test/TouchGFX/gui/src/gamescreen_screen/GameScreenView.cpp:26:6:virtual void GameScreenView::setupScreen()	8	static
C:/TouchGFXProjects/test/TouchGFX/gui/src/gamescreen_screen/GameScreenView.cpp:47:6:virtual void GameScreenView::handleTickEvent()	64	static
