../../Middlewares/ST/touchgfx/framework/include/touchgfx/Screen.hpp:104:18:virtual void touchgfx::Screen::afterTransition()	0	static
../../Middlewares/ST/touchgfx/framework/include/touchgfx/Screen.hpp:154:18:virtual void touchgfx::Screen::handleKeyEvent(uint8_t)	0	static
C:/TouchGFXProjects/battleship/TouchGFX/gui/src/homescreen_screen/HomeScreenView.cpp:17:6:virtual void HomeScreenView::tearDownScreen()	0	static
../../TouchGFX/gui/include/gui/homescreen_screen/HomeScreenView.hpp:11:13:HomeScreenView::~HomeScreenView()	8	static
../../TouchGFX/gui/include/gui/homescreen_screen/HomeScreenView.hpp:11:13:virtual HomeScreenView::~HomeScreenView()	8	static
C:/TouchGFXProjects/battleship/TouchGFX/gui/src/homescreen_screen/HomeScreenView.cpp:6:1:HomeScreenView::HomeScreenView()	8	static
C:/TouchGFXProjects/battleship/TouchGFX/gui/src/homescreen_screen/HomeScreenView.cpp:11:6:virtual void HomeScreenView::setupScreen()	0	static
C:/TouchGFXProjects/battleship/TouchGFX/gui/src/homescreen_screen/HomeScreenView.cpp:22:6:virtual void HomeScreenView::handleTickEvent()	24	static
