../../Middlewares/ST/touchgfx/framework/include/touchgfx/Screen.hpp:104:18:virtual void touchgfx::Screen::afterTransition()	0	static
../../Middlewares/ST/touchgfx/framework/include/touchgfx/Screen.hpp:154:18:virtual void touchgfx::Screen::handleKeyEvent(uint8_t)	0	static
C:/TouchGFXProjects/battleship/TouchGFX/gui/src/opponentscreen_screen/OpponentScreenView.cpp:140:6:virtual void OpponentScreenView::tearDownScreen()	0	static
C:/TouchGFXProjects/battleship/TouchGFX/gui/src/opponentscreen_screen/OpponentScreenView.cpp:144:6:virtual void OpponentScreenView::handleTickEvent()	56	static
../../TouchGFX/gui/include/gui/opponentscreen_screen/OpponentScreenView.hpp:11:13:OpponentScreenView::~OpponentScreenView()	16	static
../../TouchGFX/gui/include/gui/opponentscreen_screen/OpponentScreenView.hpp:11:13:virtual OpponentScreenView::~OpponentScreenView()	8	static
../../Middlewares/ST/touchgfx/framework/include/touchgfx/Drawable.hpp:343:10:void touchgfx::Drawable::setXY(int16_t, int16_t)	16	static
C:/TouchGFXProjects/battleship/TouchGFX/gui/src/opponentscreen_screen/OpponentScreenView.cpp:29:1:OpponentScreenView::OpponentScreenView()	32	static
C:/TouchGFXProjects/battleship/TouchGFX/gui/src/opponentscreen_screen/OpponentScreenView.cpp:267:9:int32_t OpponentScreenView::getXFromIndex(int32_t)	0	static
C:/TouchGFXProjects/battleship/TouchGFX/gui/src/opponentscreen_screen/OpponentScreenView.cpp:270:9:int32_t OpponentScreenView::getYFromIndex(int32_t)	0	static
c:\st\stm32cubeide_1.12.1\stm32cubeide\plugins\com.st.stm32cube.ide.mcu.externaltools.gnu-tools-for-stm32.10.3-2021.10.win32_1.0.200.202301161003\tools\arm-none-eabi\include\c++\10.3.1\bits\random.tcc:394:5:void std::mersenne_twister_engine<_UIntType, __w, __n, __m, __r, __a, __u, __d, __s, __b, __t, __c, __l, __f>::_M_gen_rand() [with _UIntType = unsigned int; unsigned int __w = 32; unsigned int __n = 624; unsigned int __m = 397; unsigned int __r = 31; _UIntType __a = 2567483615; unsigned int __u = 11; _UIntType __d = 4294967295; unsigned int __s = 7; _UIntType __b = 2636928640; unsigned int __t = 15; _UIntType __c = 4022730752; unsigned int __l = 18; _UIntType __f = 1812433253]	12	static
c:\st\stm32cubeide_1.12.1\stm32cubeide\plugins\com.st.stm32cube.ide.mcu.externaltools.gnu-tools-for-stm32.10.3-2021.10.win32_1.0.200.202301161003\tools\arm-none-eabi\include\c++\10.3.1\bits\random.tcc:450:5:std::mersenne_twister_engine<_UIntType, __w, __n, __m, __r, __a, __u, __d, __s, __b, __t, __c, __l, __f>::result_type std::mersenne_twister_engine<_UIntType, __w, __n, __m, __r, __a, __u, __d, __s, __b, __t, __c, __l, __f>::operator()() [with _UIntType = unsigned int; unsigned int __w = 32; unsigned int __n = 624; unsigned int __m = 397; unsigned int __r = 31; _UIntType __a = 2567483615; unsigned int __u = 11; _UIntType __d = 4294967295; unsigned int __s = 7; _UIntType __b = 2636928640; unsigned int __t = 15; _UIntType __c = 4022730752; unsigned int __l = 18; _UIntType __f = 1812433253]	8	static
c:\st\stm32cubeide_1.12.1\stm32cubeide\plugins\com.st.stm32cube.ide.mcu.externaltools.gnu-tools-for-stm32.10.3-2021.10.win32_1.0.200.202301161003\tools\arm-none-eabi\include\c++\10.3.1\bits\uniform_int_dist.h:188:2:std::uniform_int_distribution<_IntType>::result_type std::uniform_int_distribution<_IntType>::operator()(_UniformRandomNumberGenerator&) [with _UniformRandomNumberGenerator = std::mersenne_twister_engine<unsigned int, 32, 624, 397, 31, 2567483615, 11, 4294967295, 7, 2636928640, 15, 4022730752, 18, 1812433253>; _IntType = int]	24	static
C:/TouchGFXProjects/battleship/TouchGFX/gui/src/opponentscreen_screen/OpponentScreenView.cpp:206:27:std::tuple<int, int, int> randomIndexShip(int (*)[10], int)	5048	static
C:/TouchGFXProjects/battleship/TouchGFX/gui/src/opponentscreen_screen/OpponentScreenView.cpp:34:6:virtual void OpponentScreenView::setupScreen()	72	static
